<!DOCTYPE html>
<html>
  <head>
    <title>Test</title>
  </head>
  <body>
    <h1>This page contains a template</h1>
    <h2>The test was successful</h2>
<p>Testing...</p>
<ul>
    <li>one</li>
    <li>two</li>
    <li>three</li>
</ul>

  </body>
</html>
